
> bookmenow-backend@1.0.0 build
> nest build

[96msrc/empresas/empresas.controller.ts[0m:[93m106[0m:[93m4[0m - [91merror[0m[90m TS2304: [0mCannot find name 'ApiConsumes'.

[7m106[0m   @ApiConsumes('multipart/form-data')
[7m   [0m [91m   ~~~~~~~~~~~[0m
[96msrc/empresas/empresas.controller.ts[0m:[93m119[0m:[93m19[0m - [91merror[0m[90m TS2694: [0mNamespace 'global.Express' has no exported member 'Multer'.

[7m119[0m     file: Express.Multer.File,
[7m   [0m [91m                  ~~~~~~[0m
[96msrc/empresas/empresas.service.ts[0m:[93m155[0m:[93m46[0m - [91merror[0m[90m TS2694: [0mNamespace 'global.Express' has no exported member 'Multer'.

[7m155[0m   async uploadFoto(id: number, file: Express.Multer.File, userEmpresaId: number, userRol: Rol) {
[7m   [0m [91m                                             ~~~~~~[0m
[96msrc/empresas/empresas.service.ts[0m:[93m171[0m:[93m43[0m - [91merror[0m[90m TS1005: [0m',' expected.

[7m171[0m       throw new BadRequestException('No s'ha rebut cap fitxer');
[7m   [0m [91m                                          ~~[0m
[96msrc/empresas/empresas.service.ts[0m:[93m171[0m:[93m43[0m - [91merror[0m[90m TS2304: [0mCannot find name 'ha'.

[7m171[0m       throw new BadRequestException('No s'ha rebut cap fitxer');
[7m   [0m [91m                                          ~~[0m
[96msrc/empresas/empresas.service.ts[0m:[93m171[0m:[93m46[0m - [91merror[0m[90m TS1005: [0m',' expected.

[7m171[0m       throw new BadRequestException('No s'ha rebut cap fitxer');
[7m   [0m [91m                                             ~~~~~[0m
[96msrc/empresas/empresas.service.ts[0m:[93m171[0m:[93m46[0m - [91merror[0m[90m TS2304: [0mCannot find name 'rebut'.

[7m171[0m       throw new BadRequestException('No s'ha rebut cap fitxer');
[7m   [0m [91m                                             ~~~~~[0m
[96msrc/empresas/empresas.service.ts[0m:[93m171[0m:[93m46[0m - [91merror[0m[90m TS2554: [0mExpected 0-2 arguments, but got 6.

[7m171[0m       throw new BadRequestException('No s'ha rebut cap fitxer');
[7m   [0m [91m                                             ~~~~~~~~~~~~~~~~~~~[0m
[96msrc/empresas/empresas.service.ts[0m:[93m171[0m:[93m52[0m - [91merror[0m[90m TS1005: [0m',' expected.

[7m171[0m       throw new BadRequestException('No s'ha rebut cap fitxer');
[7m   [0m [91m                                                   ~~~[0m
[96msrc/empresas/empresas.service.ts[0m:[93m171[0m:[93m52[0m - [91merror[0m[90m TS2304: [0mCannot find name 'cap'.

[7m171[0m       throw new BadRequestException('No s'ha rebut cap fitxer');
[7m   [0m [91m                                                   ~~~[0m
[96msrc/empresas/empresas.service.ts[0m:[93m171[0m:[93m56[0m - [91merror[0m[90m TS1005: [0m',' expected.

[7m171[0m       throw new BadRequestException('No s'ha rebut cap fitxer');
[7m   [0m [91m                                                       ~~~~~~[0m
[96msrc/empresas/empresas.service.ts[0m:[93m171[0m:[93m56[0m - [91merror[0m[90m TS2304: [0mCannot find name 'fitxer'.

[7m171[0m       throw new BadRequestException('No s'ha rebut cap fitxer');
[7m   [0m [91m                                                       ~~~~~~[0m
[96msrc/empresas/empresas.service.ts[0m:[93m171[0m:[93m62[0m - [91merror[0m[90m TS1005: [0m',' expected.

[7m171[0m       throw new BadRequestException('No s'ha rebut cap fitxer');
[7m   [0m [91m                                                             ~~~[0m
[96msrc/empresas/empresas.service.ts[0m:[93m171[0m:[93m65[0m - [91merror[0m[90m TS1002: [0mUnterminated string literal.

[7m171[0m       throw new BadRequestException('No s'ha rebut cap fitxer');
[7m   [0m [91m                                                                [0m
[96msrc/empresas/empresas.service.ts[0m:[93m172[0m:[93m5[0m - [91merror[0m[90m TS1005: [0m',' expected.

[7m172[0m     }
[7m   [0m [91m    ~[0m
[96msrc/empresas/empresas.service.ts[0m:[93m198[0m:[93m9[0m - [91merror[0m[90m TS2353: [0mObject literal may only specify known properties, and 'fotoPerfil' does not exist in type '(Without<EmpresaUpdateInput, EmpresaUncheckedUpdateInput> & EmpresaUncheckedUpdateInput) | (Without<...> & EmpresaUpdateInput)'.

[7m198[0m         fotoPerfil: uploadResult.secure_url,
[7m   [0m [91m        ~~~~~~~~~~[0m

  [96mnode_modules/.prisma/client/index.d.ts[0m:[93m3758[0m:[93m5[0m
    [7m3758[0m     data: XOR<EmpresaUpdateInput, EmpresaUncheckedUpdateInput>
    [7m    [0m [96m    ~~~~[0m
    The expected type comes from property 'data' which is declared here on type '{ select?: EmpresaSelect<DefaultArgs>; omit?: EmpresaOmit<DefaultArgs>; include?: EmpresaInclude<DefaultArgs>; data: (Without<...> & EmpresaUncheckedUpdateInput) | (Without<...> & EmpresaUpdateInput); where: EmpresaWhereUniqueInput; }'

Found 16 error(s).

